python : Traceback (most recent call last):
At line:1 char:1
+ python agents\rag_agent.py 2>&1 | Out-File -Encoding utf8 test_output ...
+ ~~~~~~~~~~~~~~~~~~~~~~~~~~~~~~~
    + CategoryInfo          : NotSpecified: (Traceback (most recent call last)::String) [], RemoteException
    + FullyQualifiedErrorId : NativeCommandError
 
  File "C:\Users\Administrator\Documents\tfm_multiagent\agents\rag_agent.py", line 564, in <module>
    from agents.knowledge_base import MEDICAL_KNOWLEDGE_BASE
  File "C:\Users\Administrator\Documents\tfm_multiagent\agents\knowledge_base.py", line 38, in <module>
    MEDICAL_KNOWLEDGE_BASE = load_pubmed_knowledge_base()
                             ^^^^^^^^^^^^^^^^^^^^^^^^^^^^
  File "C:\Users\Administrator\Documents\tfm_multiagent\agents\knowledge_base.py", line 32, in load_pubmed_knowledge_base
    print(f"\u2705 Knowledge base cargada: {len(papers)} papers cientφficos de PubMed")
  File "C:\Users\Administrator\AppData\Local\Programs\Python\Python311\Lib\encodings\cp1252.py", line 19, in encode
    return codecs.charmap_encode(input,self.errors,encoding_table)[0]
           ^^^^^^^^^^^^^^^^^^^^^^^^^^^^^^^^^^^^^^^^^^^^^^^^^^^^^^^
UnicodeEncodeError: 'charmap' codec can't encode character '\u2705' in position 0: character maps to <undefined>
